../Core/Src/main.c:73:6:delay	16	static
../Core/Src/main.c:81:6:Set_Pin_Output	40	static
../Core/Src/main.c:89:6:Set_Pin_Input	40	static
../Core/Src/main.c:97:6:DHT11_Start	8	static
../Core/Src/main.c:106:9:Check_Response	16	static
../Core/Src/main.c:122:9:DHT11_Read	16	static
../Core/Src/main.c:139:6:check_state	24	static
../Core/Src/main.c:162:5:main	72	static
../Core/Src/main.c:248:6:SystemClock_Config	88	static
../Core/Src/main.c:295:13:MX_ADC1_Init	24	static
../Core/Src/main.c:347:13:MX_TIM1_Init	32	static
../Core/Src/main.c:393:13:MX_USART1_UART_Init	8	static
../Core/Src/main.c:426:13:MX_USART2_UART_Init	8	static
../Core/Src/main.c:459:13:MX_GPIO_Init	48	static
../Core/Src/main.c:509:6:Error_Handler	4	static,ignoring_inline_asm
